Archive member included because of file (symbol)

C:\apes\docs\lcpxpresso-projects\ARM\LPC1769\examples\CMSISv2p00_LPC17xx\Debug\libCMSISv2p00_LPC17xx.a(system_LPC17xx.o)
                              ./src/cr_startup_lpc175x_6x.o (SystemInit)
c:/nxp/lpcxpresso_7.5.0_254/lpcxpresso/tools/bin/../lib/gcc/arm-none-eabi/4.8.4/../../../../arm-none-eabi/lib/armv7-m\libcr_c.a(__weak__main.o)
                              ./src/cr_startup_lpc175x_6x.o (__main)
c:/nxp/lpcxpresso_7.5.0_254/lpcxpresso/tools/bin/../lib/gcc/arm-none-eabi/4.8.4/armv7-m\libcr_eabihelpers.a(division_64.o)
                              C:\apes\docs\lcpxpresso-projects\ARM\LPC1769\examples\CMSISv2p00_LPC17xx\Debug\libCMSISv2p00_LPC17xx.a(system_LPC17xx.o) (__aeabi_uldivmod)
c:/nxp/lpcxpresso_7.5.0_254/lpcxpresso/tools/bin/../lib/gcc/arm-none-eabi/4.8.4/armv7-m\libcr_eabihelpers.a(division_idiv0.o)
                              c:/nxp/lpcxpresso_7.5.0_254/lpcxpresso/tools/bin/../lib/gcc/arm-none-eabi/4.8.4/armv7-m\libcr_eabihelpers.a(division_64.o) (__aeabi_idiv0)

Discarded input sections

 .group         0x00000000        0x8 ./src/cr_startup_lpc175x_6x.o
 .text          0x00000000        0x0 ./src/cr_startup_lpc175x_6x.o
 .data          0x00000000        0x0 ./src/cr_startup_lpc175x_6x.o
 .bss           0x00000000        0x0 ./src/cr_startup_lpc175x_6x.o
 .group         0x00000000        0x8 ./src/crp.o
 .group         0x00000000        0x8 ./src/crp.o
 .text          0x00000000        0x0 ./src/crp.o
 .data          0x00000000        0x0 ./src/crp.o
 .bss           0x00000000        0x0 ./src/crp.o
 .debug_macro   0x00000000      0x85c ./src/crp.o
 .group         0x00000000        0x8 ./src/nokia5110-simple-using.o
 .group         0x00000000        0x8 ./src/nokia5110-simple-using.o
 .group         0x00000000        0x8 ./src/nokia5110-simple-using.o
 .group         0x00000000        0x8 ./src/nokia5110-simple-using.o
 .group         0x00000000        0x8 ./src/nokia5110-simple-using.o
 .group         0x00000000        0x8 ./src/nokia5110-simple-using.o
 .group         0x00000000        0x8 ./src/nokia5110-simple-using.o
 .group         0x00000000        0x8 ./src/nokia5110-simple-using.o
 .group         0x00000000        0x8 ./src/nokia5110-simple-using.o
 .group         0x00000000        0x8 ./src/nokia5110-simple-using.o
 .group         0x00000000        0x8 ./src/nokia5110-simple-using.o
 .text          0x00000000        0x0 ./src/nokia5110-simple-using.o
 .data          0x00000000        0x0 ./src/nokia5110-simple-using.o
 .bss           0x00000000        0x0 ./src/nokia5110-simple-using.o
 .text.spiRead  0x00000000       0x2c ./src/nokia5110-simple-using.o
 .debug_macro   0x00000000      0x85c ./src/nokia5110-simple-using.o
 .debug_macro   0x00000000       0x34 ./src/nokia5110-simple-using.o
 .group         0x00000000        0x8 C:\apes\docs\lcpxpresso-projects\ARM\LPC1769\examples\CMSISv2p00_LPC17xx\Debug\libCMSISv2p00_LPC17xx.a(system_LPC17xx.o)
 .group         0x00000000        0x8 C:\apes\docs\lcpxpresso-projects\ARM\LPC1769\examples\CMSISv2p00_LPC17xx\Debug\libCMSISv2p00_LPC17xx.a(system_LPC17xx.o)
 .group         0x00000000        0x8 C:\apes\docs\lcpxpresso-projects\ARM\LPC1769\examples\CMSISv2p00_LPC17xx\Debug\libCMSISv2p00_LPC17xx.a(system_LPC17xx.o)
 .group         0x00000000        0x8 C:\apes\docs\lcpxpresso-projects\ARM\LPC1769\examples\CMSISv2p00_LPC17xx\Debug\libCMSISv2p00_LPC17xx.a(system_LPC17xx.o)
 .group         0x00000000        0x8 C:\apes\docs\lcpxpresso-projects\ARM\LPC1769\examples\CMSISv2p00_LPC17xx\Debug\libCMSISv2p00_LPC17xx.a(system_LPC17xx.o)
 .group         0x00000000        0x8 C:\apes\docs\lcpxpresso-projects\ARM\LPC1769\examples\CMSISv2p00_LPC17xx\Debug\libCMSISv2p00_LPC17xx.a(system_LPC17xx.o)
 .group         0x00000000        0x8 C:\apes\docs\lcpxpresso-projects\ARM\LPC1769\examples\CMSISv2p00_LPC17xx\Debug\libCMSISv2p00_LPC17xx.a(system_LPC17xx.o)
 .group         0x00000000        0x8 C:\apes\docs\lcpxpresso-projects\ARM\LPC1769\examples\CMSISv2p00_LPC17xx\Debug\libCMSISv2p00_LPC17xx.a(system_LPC17xx.o)
 .group         0x00000000        0x8 C:\apes\docs\lcpxpresso-projects\ARM\LPC1769\examples\CMSISv2p00_LPC17xx\Debug\libCMSISv2p00_LPC17xx.a(system_LPC17xx.o)
 .text          0x00000000        0x0 C:\apes\docs\lcpxpresso-projects\ARM\LPC1769\examples\CMSISv2p00_LPC17xx\Debug\libCMSISv2p00_LPC17xx.a(system_LPC17xx.o)
 .data          0x00000000        0x0 C:\apes\docs\lcpxpresso-projects\ARM\LPC1769\examples\CMSISv2p00_LPC17xx\Debug\libCMSISv2p00_LPC17xx.a(system_LPC17xx.o)
 .bss           0x00000000        0x0 C:\apes\docs\lcpxpresso-projects\ARM\LPC1769\examples\CMSISv2p00_LPC17xx\Debug\libCMSISv2p00_LPC17xx.a(system_LPC17xx.o)
 .text.SystemCoreClockUpdate
                0x00000000       0xb0 C:\apes\docs\lcpxpresso-projects\ARM\LPC1769\examples\CMSISv2p00_LPC17xx\Debug\libCMSISv2p00_LPC17xx.a(system_LPC17xx.o)
 .data.SystemCoreClock
                0x00000000        0x4 C:\apes\docs\lcpxpresso-projects\ARM\LPC1769\examples\CMSISv2p00_LPC17xx\Debug\libCMSISv2p00_LPC17xx.a(system_LPC17xx.o)
 .debug_macro   0x00000000       0x10 C:\apes\docs\lcpxpresso-projects\ARM\LPC1769\examples\CMSISv2p00_LPC17xx\Debug\libCMSISv2p00_LPC17xx.a(system_LPC17xx.o)
 .debug_macro   0x00000000      0x12d C:\apes\docs\lcpxpresso-projects\ARM\LPC1769\examples\CMSISv2p00_LPC17xx\Debug\libCMSISv2p00_LPC17xx.a(system_LPC17xx.o)
 .debug_macro   0x00000000      0x5b2 C:\apes\docs\lcpxpresso-projects\ARM\LPC1769\examples\CMSISv2p00_LPC17xx\Debug\libCMSISv2p00_LPC17xx.a(system_LPC17xx.o)
 .debug_macro   0x00000000       0x1c C:\apes\docs\lcpxpresso-projects\ARM\LPC1769\examples\CMSISv2p00_LPC17xx\Debug\libCMSISv2p00_LPC17xx.a(system_LPC17xx.o)
 .debug_macro   0x00000000       0x2e C:\apes\docs\lcpxpresso-projects\ARM\LPC1769\examples\CMSISv2p00_LPC17xx\Debug\libCMSISv2p00_LPC17xx.a(system_LPC17xx.o)
 .debug_macro   0x00000000       0x18 C:\apes\docs\lcpxpresso-projects\ARM\LPC1769\examples\CMSISv2p00_LPC17xx\Debug\libCMSISv2p00_LPC17xx.a(system_LPC17xx.o)
 .debug_macro   0x00000000      0x7af C:\apes\docs\lcpxpresso-projects\ARM\LPC1769\examples\CMSISv2p00_LPC17xx\Debug\libCMSISv2p00_LPC17xx.a(system_LPC17xx.o)
 .debug_macro   0x00000000      0x2c7 C:\apes\docs\lcpxpresso-projects\ARM\LPC1769\examples\CMSISv2p00_LPC17xx\Debug\libCMSISv2p00_LPC17xx.a(system_LPC17xx.o)
 .text          0x00000000        0x0 c:/nxp/lpcxpresso_7.5.0_254/lpcxpresso/tools/bin/../lib/gcc/arm-none-eabi/4.8.4/../../../../arm-none-eabi/lib/armv7-m\libcr_c.a(__weak__main.o)
 .data          0x00000000        0x0 c:/nxp/lpcxpresso_7.5.0_254/lpcxpresso/tools/bin/../lib/gcc/arm-none-eabi/4.8.4/../../../../arm-none-eabi/lib/armv7-m\libcr_c.a(__weak__main.o)
 .bss           0x00000000        0x0 c:/nxp/lpcxpresso_7.5.0_254/lpcxpresso/tools/bin/../lib/gcc/arm-none-eabi/4.8.4/../../../../arm-none-eabi/lib/armv7-m\libcr_c.a(__weak__main.o)
 .text          0x00000000        0x0 c:/nxp/lpcxpresso_7.5.0_254/lpcxpresso/tools/bin/../lib/gcc/arm-none-eabi/4.8.4/armv7-m\libcr_eabihelpers.a(division_64.o)
 .data          0x00000000        0x0 c:/nxp/lpcxpresso_7.5.0_254/lpcxpresso/tools/bin/../lib/gcc/arm-none-eabi/4.8.4/armv7-m\libcr_eabihelpers.a(division_64.o)
 .bss           0x00000000        0x0 c:/nxp/lpcxpresso_7.5.0_254/lpcxpresso/tools/bin/../lib/gcc/arm-none-eabi/4.8.4/armv7-m\libcr_eabihelpers.a(division_64.o)
 .text.__aeabi_division_ldivmod
                0x00000000       0x26 c:/nxp/lpcxpresso_7.5.0_254/lpcxpresso/tools/bin/../lib/gcc/arm-none-eabi/4.8.4/armv7-m\libcr_eabihelpers.a(division_64.o)
 .text.__aeabi_division_uldivmod
                0x00000000      0x188 c:/nxp/lpcxpresso_7.5.0_254/lpcxpresso/tools/bin/../lib/gcc/arm-none-eabi/4.8.4/armv7-m\libcr_eabihelpers.a(division_64.o)
 .ARM.attributes
                0x00000000       0x21 c:/nxp/lpcxpresso_7.5.0_254/lpcxpresso/tools/bin/../lib/gcc/arm-none-eabi/4.8.4/armv7-m\libcr_eabihelpers.a(division_64.o)
 .text          0x00000000        0x0 c:/nxp/lpcxpresso_7.5.0_254/lpcxpresso/tools/bin/../lib/gcc/arm-none-eabi/4.8.4/armv7-m\libcr_eabihelpers.a(division_idiv0.o)
 .data          0x00000000        0x0 c:/nxp/lpcxpresso_7.5.0_254/lpcxpresso/tools/bin/../lib/gcc/arm-none-eabi/4.8.4/armv7-m\libcr_eabihelpers.a(division_idiv0.o)
 .bss           0x00000000        0x0 c:/nxp/lpcxpresso_7.5.0_254/lpcxpresso/tools/bin/../lib/gcc/arm-none-eabi/4.8.4/armv7-m\libcr_eabihelpers.a(division_idiv0.o)
 .text.__aeabi_division_idiv0
                0x00000000        0x2 c:/nxp/lpcxpresso_7.5.0_254/lpcxpresso/tools/bin/../lib/gcc/arm-none-eabi/4.8.4/armv7-m\libcr_eabihelpers.a(division_idiv0.o)
 .ARM.attributes
                0x00000000       0x21 c:/nxp/lpcxpresso_7.5.0_254/lpcxpresso/tools/bin/../lib/gcc/arm-none-eabi/4.8.4/armv7-m\libcr_eabihelpers.a(division_idiv0.o)

Memory Configuration

Name             Origin             Length             Attributes
MFlash512        0x00000000         0x00080000         xr
RamLoc32         0x10000000         0x00008000         xrw
RamAHB32         0x2007c000         0x00008000         xrw
*default*        0x00000000         0xffffffff

Linker script and memory map

LOAD ./src/cr_startup_lpc175x_6x.o
LOAD ./src/crp.o
LOAD ./src/nokia5110-simple-using.o
LOAD C:\apes\docs\lcpxpresso-projects\ARM\LPC1769\examples\CMSISv2p00_LPC17xx\Debug\libCMSISv2p00_LPC17xx.a
START GROUP
LOAD c:/nxp/lpcxpresso_7.5.0_254/lpcxpresso/tools/bin/../lib/gcc/arm-none-eabi/4.8.4/../../../../arm-none-eabi/lib/armv7-m\libcr_c.a
LOAD c:/nxp/lpcxpresso_7.5.0_254/lpcxpresso/tools/bin/../lib/gcc/arm-none-eabi/4.8.4/armv7-m\libcr_eabihelpers.a
END GROUP
                0x00080000                __top_MFlash512 = 0x80000
                0x10008000                __top_RamLoc32 = 0x10008000
                0x20084000                __top_RamAHB32 = 0x20084000

.text           0x00000000      0x874
 FILL mask 0xff
                0x00000000                __vectors_start__ = ABSOLUTE (.)
 *(.isr_vector)
 .isr_vector    0x00000000       0xcc ./src/cr_startup_lpc175x_6x.o
                0x00000000                g_pfnVectors
                0x000000cc                . = ALIGN (0x4)
                0x000000cc                __section_table_start = .
                0x000000cc                __data_section_table = .
                0x000000cc        0x4 LONG 0x874 LOADADDR (.data)
                0x000000d0        0x4 LONG 0x10000000 ADDR (.data)
                0x000000d4        0x4 LONG 0x0 SIZEOF (.data)
                0x000000d8        0x4 LONG 0x874 LOADADDR (.data_RAM2)
                0x000000dc        0x4 LONG 0x2007c000 ADDR (.data_RAM2)
                0x000000e0        0x4 LONG 0x0 SIZEOF (.data_RAM2)
                0x000000e4                __data_section_table_end = .
                0x000000e4                __bss_section_table = .
                0x000000e4        0x4 LONG 0x10000000 ADDR (.bss)
                0x000000e8        0x4 LONG 0x0 SIZEOF (.bss)
                0x000000ec        0x4 LONG 0x2007c000 ADDR (.bss_RAM2)
                0x000000f0        0x4 LONG 0x0 SIZEOF (.bss_RAM2)
                0x000000f4                __bss_section_table_end = .
                0x000000f4                __section_table_end = .
 *(.after_vectors*)
 .after_vectors
                0x000000f4      0x144 ./src/cr_startup_lpc175x_6x.o
                0x000000f4                data_init
                0x00000138                bss_init
                0x00000170                ResetISR
                0x000001e8                NMI_Handler
                0x000001f0                HardFault_Handler
                0x000001f8                MemManage_Handler
                0x00000200                BusFault_Handler
                0x00000208                UsageFault_Handler
                0x00000210                SVC_Handler
                0x00000218                DebugMon_Handler
                0x00000220                PendSV_Handler
                0x00000228                SysTick_Handler
                0x00000230                EINT3_IRQHandler
                0x00000230                CANActivity_IRQHandler
                0x00000230                TIMER3_IRQHandler
                0x00000230                UART0_IRQHandler
                0x00000230                UART1_IRQHandler
                0x00000230                EINT2_IRQHandler
                0x00000230                USBActivity_IRQHandler
                0x00000230                IntDefaultHandler
                0x00000230                PLL0_IRQHandler
                0x00000230                I2C0_IRQHandler
                0x00000230                I2C1_IRQHandler
                0x00000230                SSP0_IRQHandler
                0x00000230                I2S_IRQHandler
                0x00000230                I2C2_IRQHandler
                0x00000230                RTC_IRQHandler
                0x00000230                TIMER0_IRQHandler
                0x00000230                SPI_IRQHandler
                0x00000230                RIT_IRQHandler
                0x00000230                EINT1_IRQHandler
                0x00000230                TIMER1_IRQHandler
                0x00000230                UART2_IRQHandler
                0x00000230                ADC_IRQHandler
                0x00000230                SSP1_IRQHandler
                0x00000230                USB_IRQHandler
                0x00000230                BOD_IRQHandler
                0x00000230                PLL1_IRQHandler
                0x00000230                WDT_IRQHandler
                0x00000230                PWM1_IRQHandler
                0x00000230                QEI_IRQHandler
                0x00000230                EINT0_IRQHandler
                0x00000230                CAN_IRQHandler
                0x00000230                DMA_IRQHandler
                0x00000230                TIMER2_IRQHandler
                0x00000230                UART3_IRQHandler
                0x00000230                MCPWM_IRQHandler
                0x00000230                ENET_IRQHandler
                0x000002fc                . = 0x2fc
 *fill*         0x00000238       0xc4 ff
                0x000002fc                PROVIDE (__CRP_WORD_START__, .)
 *(.crp)
 .crp           0x000002fc        0x4 ./src/crp.o
                0x000002fc                CRP_WORD
                0x00000300                PROVIDE (__CRP_WORD_END__, .)
                0x00000001                ASSERT (! ((__CRP_WORD_START__ == __CRP_WORD_END__)), Linker CRP Enabled, but no CRP_WORD provided within application)
 *(.text*)
 .text.main     0x00000300       0x24 ./src/nokia5110-simple-using.o
                0x00000300                main
 .text.spiInit  0x00000324       0x4c ./src/nokia5110-simple-using.o
                0x00000324                spiInit
 .text.spiSend  0x00000370       0x2c ./src/nokia5110-simple-using.o
                0x00000370                spiSend
 .text.glcdPutChar
                0x0000039c       0x54 ./src/nokia5110-simple-using.o
                0x0000039c                glcdPutChar
 .text.glcdClear
                0x000003f0       0x28 ./src/nokia5110-simple-using.o
                0x000003f0                glcdClear
 .text.glcdInit
                0x00000418       0x54 ./src/nokia5110-simple-using.o
                0x00000418                glcdInit
 .text.glcdPutString
                0x0000046c       0x28 ./src/nokia5110-simple-using.o
                0x0000046c                glcdPutString
 .text.glcdSend
                0x00000494       0x58 ./src/nokia5110-simple-using.o
                0x00000494                glcdSend
 .text.pinsConfig
                0x000004ec       0xb8 ./src/nokia5110-simple-using.o
                0x000004ec                pinsConfig
 .text.SystemInit
                0x000005a4       0xe0 C:\apes\docs\lcpxpresso-projects\ARM\LPC1769\examples\CMSISv2p00_LPC17xx\Debug\libCMSISv2p00_LPC17xx.a(system_LPC17xx.o)
                0x000005a4                SystemInit
 .text.__weak_main
                0x00000684        0x4 c:/nxp/lpcxpresso_7.5.0_254/lpcxpresso/tools/bin/../lib/gcc/arm-none-eabi/4.8.4/../../../../arm-none-eabi/lib/armv7-m\libcr_c.a(__weak__main.o)
                0x00000684                __weak_main
                0x00000684                __main
 *(.rodata .rodata.* .constdata .constdata.*)
 .rodata.ASCII  0x00000688      0x1e0 ./src/nokia5110-simple-using.o
 .rodata        0x00000868        0xc ./src/nokia5110-simple-using.o
                0x00000874                . = ALIGN (0x4)

.glue_7         0x00000874        0x0
 .glue_7        0x00000000        0x0 linker stubs

.glue_7t        0x00000874        0x0
 .glue_7t       0x00000000        0x0 linker stubs

.vfp11_veneer   0x00000874        0x0
 .vfp11_veneer  0x00000000        0x0 linker stubs

.v4_bx          0x00000874        0x0
 .v4_bx         0x00000000        0x0 linker stubs

.iplt           0x00000874        0x0
 .iplt          0x00000000        0x0 ./src/cr_startup_lpc175x_6x.o

.rel.dyn        0x00000874        0x0
 .rel.iplt      0x00000000        0x0 ./src/cr_startup_lpc175x_6x.o

.ARM.extab
 *(.ARM.extab* .gnu.linkonce.armextab.*)
                0x00000874                __exidx_start = .

.ARM.exidx
 *(.ARM.exidx* .gnu.linkonce.armexidx.*)
                0x00000874                __exidx_end = .
                0x00000874                _etext = .

.data_RAM2      0x2007c000        0x0 load address 0x00000874
 FILL mask 0xff
 *(.ramfunc.$RAM2)
 *(.ramfunc.$RamAHB32)
 *(.data.$RAM2*)
 *(.data.$RamAHB32*)
                0x2007c000                . = ALIGN (0x4)

.uninit_RESERVED
                0x10000000        0x0
 *(.bss.$RESERVED*)
                0x10000000                . = ALIGN (0x4)
                0x10000000                _end_uninit_RESERVED = .

.data           0x10000000        0x0 load address 0x00000874
 FILL mask 0xff
                0x10000000                _data = .
 *(vtable)
 *(.ramfunc*)
 *(.data*)
                0x10000000                . = ALIGN (0x4)
                0x10000000                _edata = .

.igot.plt       0x10000000        0x0 load address 0x00000874
 .igot.plt      0x00000000        0x0 ./src/cr_startup_lpc175x_6x.o

.bss_RAM2       0x2007c000        0x0
 *(.bss.$RAM2*)
 *(.bss.$RamAHB32*)
                0x2007c000                . = ALIGN (0x4)

.bss            0x10000000        0x0
                0x10000000                _bss = .
 *(.bss*)
 *(COMMON)
                0x10000000                . = ALIGN (0x4)
                0x10000000                _ebss = .
                0x10000000                PROVIDE (end, .)

.noinit_RAM2    0x2007c000        0x0
 *(.noinit.$RAM2*)
 *(.noinit.$RamAHB32*)
                0x2007c000                . = ALIGN (0x4)

.noinit         0x10000000        0x0
                0x10000000                _noinit = .
 *(.noinit*)
                0x10000000                . = ALIGN (0x4)
                0x10000000                _end_noinit = .
                0x10000000                PROVIDE (_pvHeapStart, DEFINED (__user_heap_base)?__user_heap_base:.)
                0x10008000                PROVIDE (_vStackTop, DEFINED (__user_stack_top)?__user_stack_top:(__top_RamLoc32 - 0x0))
OUTPUT(nokia5110-simple-using.axf elf32-littlearm)

.debug_info     0x00000000      0xe88
 .debug_info    0x00000000      0x24b ./src/cr_startup_lpc175x_6x.o
 .debug_info    0x0000024b       0x3f ./src/crp.o
 .debug_info    0x0000028a      0x8e6 ./src/nokia5110-simple-using.o
 .debug_info    0x00000b70      0x318 C:\apes\docs\lcpxpresso-projects\ARM\LPC1769\examples\CMSISv2p00_LPC17xx\Debug\libCMSISv2p00_LPC17xx.a(system_LPC17xx.o)

.debug_abbrev   0x00000000      0x3d5
 .debug_abbrev  0x00000000       0xf5 ./src/cr_startup_lpc175x_6x.o
 .debug_abbrev  0x000000f5       0x36 ./src/crp.o
 .debug_abbrev  0x0000012b      0x1c4 ./src/nokia5110-simple-using.o
 .debug_abbrev  0x000002ef       0xe6 C:\apes\docs\lcpxpresso-projects\ARM\LPC1769\examples\CMSISv2p00_LPC17xx\Debug\libCMSISv2p00_LPC17xx.a(system_LPC17xx.o)

.debug_aranges  0x00000000      0x128
 .debug_aranges
                0x00000000       0x80 ./src/cr_startup_lpc175x_6x.o
 .debug_aranges
                0x00000080       0x18 ./src/crp.o
 .debug_aranges
                0x00000098       0x68 ./src/nokia5110-simple-using.o
 .debug_aranges
                0x00000100       0x28 C:\apes\docs\lcpxpresso-projects\ARM\LPC1769\examples\CMSISv2p00_LPC17xx\Debug\libCMSISv2p00_LPC17xx.a(system_LPC17xx.o)

.debug_ranges   0x00000000       0xe0
 .debug_ranges  0x00000000       0x70 ./src/cr_startup_lpc175x_6x.o
 .debug_ranges  0x00000070       0x58 ./src/nokia5110-simple-using.o
 .debug_ranges  0x000000c8       0x18 C:\apes\docs\lcpxpresso-projects\ARM\LPC1769\examples\CMSISv2p00_LPC17xx\Debug\libCMSISv2p00_LPC17xx.a(system_LPC17xx.o)

.debug_macro    0x00000000     0x253a
 .debug_macro   0x00000000       0x1d ./src/cr_startup_lpc175x_6x.o
 .debug_macro   0x0000001d      0x85c ./src/cr_startup_lpc175x_6x.o
 .debug_macro   0x00000879       0x1a ./src/crp.o
 .debug_macro   0x00000893       0x34 ./src/crp.o
 .debug_macro   0x000008c7       0xa9 ./src/nokia5110-simple-using.o
 .debug_macro   0x00000970       0x1c ./src/nokia5110-simple-using.o
 .debug_macro   0x0000098c       0x2e ./src/nokia5110-simple-using.o
 .debug_macro   0x000009ba       0x10 ./src/nokia5110-simple-using.o
 .debug_macro   0x000009ca      0x12d ./src/nokia5110-simple-using.o
 .debug_macro   0x00000af7      0x5b2 ./src/nokia5110-simple-using.o
 .debug_macro   0x000010a9       0x18 ./src/nokia5110-simple-using.o
 .debug_macro   0x000010c1      0x7af ./src/nokia5110-simple-using.o
 .debug_macro   0x00001870      0x2c7 ./src/nokia5110-simple-using.o
 .debug_macro   0x00001b37       0x82 ./src/nokia5110-simple-using.o
 .debug_macro   0x00001bb9      0x12b C:\apes\docs\lcpxpresso-projects\ARM\LPC1769\examples\CMSISv2p00_LPC17xx\Debug\libCMSISv2p00_LPC17xx.a(system_LPC17xx.o)
 .debug_macro   0x00001ce4      0x856 C:\apes\docs\lcpxpresso-projects\ARM\LPC1769\examples\CMSISv2p00_LPC17xx\Debug\libCMSISv2p00_LPC17xx.a(system_LPC17xx.o)

.debug_line     0x00000000      0x688
 .debug_line    0x00000000       0xdd ./src/cr_startup_lpc175x_6x.o
 .debug_line    0x000000dd       0x78 ./src/crp.o
 .debug_line    0x00000155      0x35b ./src/nokia5110-simple-using.o
 .debug_line    0x000004b0      0x1d8 C:\apes\docs\lcpxpresso-projects\ARM\LPC1769\examples\CMSISv2p00_LPC17xx\Debug\libCMSISv2p00_LPC17xx.a(system_LPC17xx.o)

.debug_str      0x00000000     0x8b8c
 .debug_str     0x00000000     0x25c5 ./src/cr_startup_lpc175x_6x.o
                               0x25d8 (size before relaxing)
 .debug_str     0x000025c5       0xe9 ./src/crp.o
                               0x24f0 (size before relaxing)
 .debug_str     0x000026ae     0x60cb ./src/nokia5110-simple-using.o
                               0x8627 (size before relaxing)
 .debug_str     0x00008779      0x413 C:\apes\docs\lcpxpresso-projects\ARM\LPC1769\examples\CMSISv2p00_LPC17xx\Debug\libCMSISv2p00_LPC17xx.a(system_LPC17xx.o)
                               0x8071 (size before relaxing)

.comment        0x00000000       0xe0
 .comment       0x00000000       0x70 ./src/cr_startup_lpc175x_6x.o
                                 0x71 (size before relaxing)
 .comment       0x00000000       0x71 ./src/crp.o
 .comment       0x00000000       0x71 ./src/nokia5110-simple-using.o
 .comment       0x00000000       0x71 C:\apes\docs\lcpxpresso-projects\ARM\LPC1769\examples\CMSISv2p00_LPC17xx\Debug\libCMSISv2p00_LPC17xx.a(system_LPC17xx.o)
 .comment       0x00000070       0x70 c:/nxp/lpcxpresso_7.5.0_254/lpcxpresso/tools/bin/../lib/gcc/arm-none-eabi/4.8.4/../../../../arm-none-eabi/lib/armv7-m\libcr_c.a(__weak__main.o)
                                 0x71 (size before relaxing)

.ARM.attributes
                0x00000000       0x31
 .ARM.attributes
                0x00000000       0x33 ./src/cr_startup_lpc175x_6x.o
 .ARM.attributes
                0x00000033       0x33 ./src/crp.o
 .ARM.attributes
                0x00000066       0x33 ./src/nokia5110-simple-using.o
 .ARM.attributes
                0x00000099       0x33 C:\apes\docs\lcpxpresso-projects\ARM\LPC1769\examples\CMSISv2p00_LPC17xx\Debug\libCMSISv2p00_LPC17xx.a(system_LPC17xx.o)
 .ARM.attributes
                0x000000cc       0x33 c:/nxp/lpcxpresso_7.5.0_254/lpcxpresso/tools/bin/../lib/gcc/arm-none-eabi/4.8.4/../../../../arm-none-eabi/lib/armv7-m\libcr_c.a(__weak__main.o)

.debug_frame    0x00000000      0x2c0
 .debug_frame   0x00000000      0x158 ./src/cr_startup_lpc175x_6x.o
 .debug_frame   0x00000158      0x12c ./src/nokia5110-simple-using.o
 .debug_frame   0x00000284       0x3c C:\apes\docs\lcpxpresso-projects\ARM\LPC1769\examples\CMSISv2p00_LPC17xx\Debug\libCMSISv2p00_LPC17xx.a(system_LPC17xx.o)
